Archive member included to satisfy reference by file (symbol)

d:/truestudio for stm32 9.1.0/armtools/bin/../lib/gcc/arm-atollic-eabi/6.3.1/../../../../arm-atollic-eabi/lib/armv7e-m/fpu\libc_nano.a(lib_a-errno.o)
                              Src\syscalls.o (__errno)
d:/truestudio for stm32 9.1.0/armtools/bin/../lib/gcc/arm-atollic-eabi/6.3.1/../../../../arm-atollic-eabi/lib/armv7e-m/fpu\libc_nano.a(lib_a-impure.o)
                              d:/truestudio for stm32 9.1.0/armtools/bin/../lib/gcc/arm-atollic-eabi/6.3.1/../../../../arm-atollic-eabi/lib/armv7e-m/fpu\libc_nano.a(lib_a-errno.o) (_impure_ptr)
d:/truestudio for stm32 9.1.0/armtools/bin/../lib/gcc/arm-atollic-eabi/6.3.1/../../../../arm-atollic-eabi/lib/armv7e-m/fpu\libc_nano.a(lib_a-init.o)
                              startup\startup_stm32f407xx.o (__libc_init_array)
d:/truestudio for stm32 9.1.0/armtools/bin/../lib/gcc/arm-atollic-eabi/6.3.1/../../../../arm-atollic-eabi/lib/armv7e-m/fpu\libc_nano.a(lib_a-memcpy-stub.o)
                              Bsp\uartBsp.o (memcpy)
d:/truestudio for stm32 9.1.0/armtools/bin/../lib/gcc/arm-atollic-eabi/6.3.1/../../../../arm-atollic-eabi/lib/armv7e-m/fpu\libc_nano.a(lib_a-memset.o)
                              Bsp\shell.o (memset)
d:/truestudio for stm32 9.1.0/armtools/bin/../lib/gcc/arm-atollic-eabi/6.3.1/../../../../arm-atollic-eabi/lib/armv7e-m/fpu\libc_nano.a(lib_a-strcmp.o)
                              Bsp\cmd.o (strcmp)
d:/truestudio for stm32 9.1.0/armtools/bin/../lib/gcc/arm-atollic-eabi/6.3.1/../../../../arm-atollic-eabi/lib/armv7e-m/fpu\libc_nano.a(lib_a-strlen.o)
                              Bsp\tiny_printf.o (strlen)
d:/truestudio for stm32 9.1.0/armtools/bin/../lib/gcc/arm-atollic-eabi/6.3.1/armv7e-m/fpu\libgcc.a(_aeabi_uldivmod.o)
                              Drivers\STM32F4xx_HAL_Driver\Src\stm32f4xx_hal_rcc.o (__aeabi_uldivmod)
d:/truestudio for stm32 9.1.0/armtools/bin/../lib/gcc/arm-atollic-eabi/6.3.1/armv7e-m/fpu\libgcc.a(_udivmoddi4.o)
                              d:/truestudio for stm32 9.1.0/armtools/bin/../lib/gcc/arm-atollic-eabi/6.3.1/armv7e-m/fpu\libgcc.a(_aeabi_uldivmod.o) (__udivmoddi4)
d:/truestudio for stm32 9.1.0/armtools/bin/../lib/gcc/arm-atollic-eabi/6.3.1/armv7e-m/fpu\libgcc.a(_dvmd_tls.o)
                              d:/truestudio for stm32 9.1.0/armtools/bin/../lib/gcc/arm-atollic-eabi/6.3.1/armv7e-m/fpu\libgcc.a(_aeabi_uldivmod.o) (__aeabi_ldiv0)

Allocating common symbols
Common symbol       size              file

defaultTaskHandle   0x4               Src\freertos.o
hdma_usart6_rx      0x60              Src\usart.o
uwTick              0x4               Drivers\STM32F4xx_HAL_Driver\Src\stm32f4xx_hal.o
xQueueRegistry      0x40              Middlewares\Third_Party\FreeRTOS\Source\queue.o
pFlash              0x20              Drivers\STM32F4xx_HAL_Driver\Src\stm32f4xx_hal_flash.o
shellRecvBuf        0x20              Bsp\shell.o
cmd_buf             0x20              Bsp\shell.o
huart6              0x40              Src\usart.o

Discarded input sections

 .text          0x00000000        0x0 d:/truestudio for stm32 9.1.0/armtools/bin/../lib/gcc/arm-atollic-eabi/6.3.1/armv7e-m/fpu/crti.o
 .data          0x00000000        0x0 d:/truestudio for stm32 9.1.0/armtools/bin/../lib/gcc/arm-atollic-eabi/6.3.1/armv7e-m/fpu/crti.o
 .bss           0x00000000        0x0 d:/truestudio for stm32 9.1.0/armtools/bin/../lib/gcc/arm-atollic-eabi/6.3.1/armv7e-m/fpu/crti.o
 .data          0x00000000        0x4 d:/truestudio for stm32 9.1.0/armtools/bin/../lib/gcc/arm-atollic-eabi/6.3.1/armv7e-m/fpu/crtbegin.o
 .text          0x00000000        0x0 Bsp\cmd.o
 .data          0x00000000        0x0 Bsp\cmd.o
 .bss           0x00000000        0x0 Bsp\cmd.o
 .text          0x00000000        0x0 Bsp\shell.o
 .data          0x00000000        0x0 Bsp\shell.o
 .bss           0x00000000        0x0 Bsp\shell.o
 .text          0x00000000        0x0 Bsp\tiny_printf.o
 .data          0x00000000        0x0 Bsp\tiny_printf.o
 .bss           0x00000000        0x0 Bsp\tiny_printf.o
 .text.siprintf
                0x00000000       0x2c Bsp\tiny_printf.o
 .text.fiprintf
                0x00000000       0x9a Bsp\tiny_printf.o
 .text.fputs    0x00000000       0x68 Bsp\tiny_printf.o
 .text.fwrite   0x00000000       0x38 Bsp\tiny_printf.o
 .text          0x00000000        0x0 Bsp\uartBsp.o
 .data          0x00000000        0x0 Bsp\uartBsp.o
 .bss           0x00000000        0x0 Bsp\uartBsp.o
 .bss.len.9332  0x00000000        0x1 Bsp\uartBsp.o
 .bss.dataStartAddr.9331
                0x00000000        0x1 Bsp\uartBsp.o
 .text          0x00000000        0x0 Drivers\STM32F4xx_HAL_Driver\Src\stm32f4xx_hal.o
 .data          0x00000000        0x0 Drivers\STM32F4xx_HAL_Driver\Src\stm32f4xx_hal.o
 .bss           0x00000000        0x0 Drivers\STM32F4xx_HAL_Driver\Src\stm32f4xx_hal.o
 .text.HAL_DeInit
                0x00000000       0x58 Drivers\STM32F4xx_HAL_Driver\Src\stm32f4xx_hal.o
 .text.HAL_MspInit
[...]
Memory Configuration

Name             Origin             Length             Attributes
RAM              0x20000000         0x00020000         xrw
CCMRAM           0x10000000         0x00010000         rw
FLASH            0x08000000         0x00100000         xr
*default*        0x00000000         0xffffffff

Linker script and memory map

LOAD d:/truestudio for stm32 9.1.0/armtools/bin/../lib/gcc/arm-atollic-eabi/6.3.1/armv7e-m/fpu/crti.o
LOAD d:/truestudio for stm32 9.1.0/armtools/bin/../lib/gcc/arm-atollic-eabi/6.3.1/armv7e-m/fpu/crtbegin.o
LOAD Bsp\cmd.o
LOAD Bsp\shell.o
LOAD Bsp\tiny_printf.o
LOAD Bsp\uartBsp.o
LOAD Drivers\STM32F4xx_HAL_Driver\Src\stm32f4xx_hal.o
LOAD Drivers\STM32F4xx_HAL_Driver\Src\stm32f4xx_hal_cortex.o
LOAD Drivers\STM32F4xx_HAL_Driver\Src\stm32f4xx_hal_dma.o
LOAD Drivers\STM32F4xx_HAL_Driver\Src\stm32f4xx_hal_dma_ex.o
LOAD Drivers\STM32F4xx_HAL_Driver\Src\stm32f4xx_hal_exti.o
LOAD Drivers\STM32F4xx_HAL_Driver\Src\stm32f4xx_hal_flash.o
LOAD Drivers\STM32F4xx_HAL_Driver\Src\stm32f4xx_hal_flash_ex.o
LOAD Drivers\STM32F4xx_HAL_Driver\Src\stm32f4xx_hal_flash_ramfunc.o
LOAD Drivers\STM32F4xx_HAL_Driver\Src\stm32f4xx_hal_gpio.o
LOAD Drivers\STM32F4xx_HAL_Driver\Src\stm32f4xx_hal_pwr.o
LOAD Drivers\STM32F4xx_HAL_Driver\Src\stm32f4xx_hal_pwr_ex.o
LOAD Drivers\STM32F4xx_HAL_Driver\Src\stm32f4xx_hal_rcc.o
LOAD Drivers\STM32F4xx_HAL_Driver\Src\stm32f4xx_hal_rcc_ex.o
LOAD Drivers\STM32F4xx_HAL_Driver\Src\stm32f4xx_hal_tim.o
LOAD Drivers\STM32F4xx_HAL_Driver\Src\stm32f4xx_hal_tim_ex.o
LOAD Drivers\STM32F4xx_HAL_Driver\Src\stm32f4xx_hal_uart.o
LOAD Middlewares\Third_Party\FreeRTOS\Source\CMSIS_RTOS\cmsis_os.o
LOAD Middlewares\Third_Party\FreeRTOS\Source\croutine.o
LOAD Middlewares\Third_Party\FreeRTOS\Source\event_groups.o
LOAD Middlewares\Third_Party\FreeRTOS\Source\list.o
LOAD Middlewares\Third_Party\FreeRTOS\Source\portable\GCC\ARM_CM4F\port.o
LOAD Middlewares\Third_Party\FreeRTOS\Source\portable\MemMang\heap_4.o
LOAD Middlewares\Third_Party\FreeRTOS\Source\queue.o
LOAD Middlewares\Third_Party\FreeRTOS\Source\stream_buffer.o
LOAD Middlewares\Third_Party\FreeRTOS\Source\tasks.o
LOAD Middlewares\Third_Party\FreeRTOS\Source\timers.o
LOAD Src\dma.o
LOAD Src\freertos.o
LOAD Src\gpio.o
LOAD Src\main.o
LOAD Src\stm32f4xx_hal_msp.o
LOAD Src\stm32f4xx_it.o
LOAD Src\syscalls.o
LOAD Src\system_stm32f4xx.o
LOAD Src\usart.o
LOAD startup\startup_stm32f407xx.o
                0x00000080                malloc_getpagesize_P = 0x80
START GROUP
LOAD d:/truestudio for stm32 9.1.0/armtools/bin/../lib/gcc/arm-atollic-eabi/6.3.1/../../../../arm-atollic-eabi/lib/armv7e-m/fpu\libc_nano.a
LOAD d:/truestudio for stm32 9.1.0/armtools/bin/../lib/gcc/arm-atollic-eabi/6.3.1/../../../../arm-atollic-eabi/lib/armv7e-m/fpu\libm.a
END GROUP
START GROUP
LOAD d:/truestudio for stm32 9.1.0/armtools/bin/../lib/gcc/arm-atollic-eabi/6.3.1/armv7e-m/fpu\libgcc.a
LOAD d:/truestudio for stm32 9.1.0/armtools/bin/../lib/gcc/arm-atollic-eabi/6.3.1/../../../../arm-atollic-eabi/lib/armv7e-m/fpu\libc_nano.a
END GROUP
START GROUP
LOAD d:/truestudio for stm32 9.1.0/armtools/bin/../lib/gcc/arm-atollic-eabi/6.3.1/armv7e-m/fpu\libgcc.a
LOAD d:/truestudio for stm32 9.1.0/armtools/bin/../lib/gcc/arm-atollic-eabi/6.3.1/../../../../arm-atollic-eabi/lib/armv7e-m/fpu\libc_nano.a
LOAD d:/truestudio for stm32 9.1.0/armtools/bin/../lib/gcc/arm-atollic-eabi/6.3.1/../../../../arm-atollic-eabi/lib/armv7e-m/fpu\libnosys.a
END GROUP
START GROUP
LOAD d:/truestudio for stm32 9.1.0/armtools/bin/../lib/gcc/arm-atollic-eabi/6.3.1/armv7e-m/fpu\libgcc.a
LOAD d:/truestudio for stm32 9.1.0/armtools/bin/../lib/gcc/arm-atollic-eabi/6.3.1/../../../../arm-atollic-eabi/lib/armv7e-m/fpu\libc_nano.a
LOAD d:/truestudio for stm32 9.1.0/armtools/bin/../lib/gcc/arm-atollic-eabi/6.3.1/../../../../arm-atollic-eabi/lib/armv7e-m/fpu\libnosys.a
END GROUP
LOAD d:/truestudio for stm32 9.1.0/armtools/bin/../lib/gcc/arm-atollic-eabi/6.3.1/armv7e-m/fpu/crtend.o
LOAD d:/truestudio for stm32 9.1.0/armtools/bin/../lib/gcc/arm-atollic-eabi/6.3.1/armv7e-m/fpu/crtn.o
                0x20020000                _estack = 0x20020000
                0x00000200                _Min_Heap_Size = 0x200
                0x00000400                _Min_Stack_Size = 0x400

.isr_vector     0x08000000      0x188
                0x08000000                . = ALIGN (0x4)
 *(.isr_vector)
 .isr_vector    0x08000000      0x188 startup\startup_stm32f407xx.o
                0x08000000                g_pfnVectors
                0x08000188                . = ALIGN (0x4)

.text           0x08000190     0x47cc
                0x08000190                . = ALIGN (0x4)
 *(.text)
 .text          0x08000190       0x40 d:/truestudio for stm32 9.1.0/armtools/bin/../lib/gcc/arm-atollic-eabi/6.3.1/armv7e-m/fpu/crtbegin.o
 .text          0x080001d0       0x14 d:/truestudio for stm32 9.1.0/armtools/bin/../lib/gcc/arm-atollic-eabi/6.3.1/../../../../arm-atollic-eabi/lib/armv7e-m/fpu\libc_nano.a(lib_a-strcmp.o)
                0x080001d0                strcmp
 .text          0x080001e4       0x10 d:/truestudio for stm32 9.1.0/armtools/bin/../lib/gcc/arm-atollic-eabi/6.3.1/../../../../arm-atollic-eabi/lib/armv7e-m/fpu\libc_nano.a(lib_a-strlen.o)
                0x080001e4                strlen
 .text          0x080001f4       0x30 d:/truestudio for stm32 9.1.0/armtools/bin/../lib/gcc/arm-atollic-eabi/6.3.1/armv7e-m/fpu\libgcc.a(_aeabi_uldivmod.o)
                0x080001f4                __aeabi_uldivmod
 .text          0x08000224      0x2dc d:/truestudio for stm32 9.1.0/armtools/bin/../lib/gcc/arm-atollic-eabi/6.3.1/armv7e-m/fpu\libgcc.a(_udivmoddi4.o)
                0x08000224                __udivmoddi4
 .text          0x08000500        0x4 d:/truestudio for stm32 9.1.0/armtools/bin/../lib/gcc/arm-atollic-eabi/6.3.1/armv7e-m/fpu\libgcc.a(_dvmd_tls.o)
                0x08000500                __aeabi_idiv0
                0x08000500                __aeabi_ldiv0
 *(.text*)
 .text.find_cmd
                0x08000504       0x4c Bsp\cmd.o
                0x08000504                find_cmd
 .text.Hello    0x08000550       0x14 Bsp\cmd.o
 .text.Help     0x08000564       0x1c Bsp\cmd.o
 .text.Shell_Init
                0x08000580       0x58 Bsp\shell.o
                0x08000580                Shell_Init
 .text.uart_gets
                0x080005d8       0x90 Bsp\shell.o
                0x080005d8                uart_gets
 .text.Shell_Mode
                0x08000668       0xf8 Bsp\shell.o
                0x08000668                Shell_Mode
 .text.ts_itoa  0x08000760       0x92 Bsp\tiny_printf.o
                0x08000760                ts_itoa
 .text.ts_formatstring
                0x080007f2      0x12e Bsp\tiny_printf.o
                0x080007f2                ts_formatstring
 .text.ts_formatlength
                0x08000920      0x12c Bsp\tiny_printf.o
                0x08000920                ts_formatlength
 .text.iprintf  0x08000a4c       0x92 Bsp\tiny_printf.o
                0x08000a4c                iprintf
                0x08000a4c                printf
 *fill*         0x08000ade        0x2 
 .text.puts     0x08000ae0       0x58 Bsp\tiny_printf.o
                0x08000ae0                puts
 .text.__io_putchar
                0x08000b38       0x24 Bsp\uartBsp.o
                0x08000b38                __io_putchar
 .text._write   0x08000b5c       0x38 Bsp\uartBsp.o
                0x08000b5c                _write
 .text.HAL_UART_RxCpltCallback
                0x08000b94       0x2c Bsp\uartBsp.o
                0x08000b94                HAL_UART_RxCpltCallback
 .text.vUartRecvIDLE_CallBack
                0x08000bc0       0xc4 Bsp\uartBsp.o
                0x08000bc0                vUartRecvIDLE_CallBack
 .text.vUartBspInit
                0x08000c84       0x2c Bsp\uartBsp.o
                0x08000c84                vUartBspInit
 .text.HAL_Init
                0x08000cb0       0x44 Drivers\STM32F4xx_HAL_Driver\Src\stm32f4xx_hal.o
                0x08000cb0                HAL_Init
 .text.HAL_InitTick
                0x08000cf4       0x60 Drivers\STM32F4xx_HAL_Driver\Src\stm32f4xx_hal.o
                0x08000cf4                HAL_InitTick
 .text.HAL_IncTick
                0x08000d54       0x28 Drivers\STM32F4xx_HAL_Driver\Src\stm32f4xx_hal.o
                0x08000d54                HAL_IncTick
 .text.HAL_GetTick
                0x08000d7c       0x18 Drivers\STM32F4xx_HAL_Driver\Src\stm32f4xx_hal.o
                0x08000d7c                HAL_GetTick
 .text.__NVIC_SetPriorityGrouping
                0x08000d94       0x48 Drivers\STM32F4xx_HAL_Driver\Src\stm32f4xx_hal_cortex.o
 .text.__NVIC_GetPriorityGrouping
                0x08000ddc       0x1c Drivers\STM32F4xx_HAL_Driver\Src\stm32f4xx_hal_cortex.o
 .text.__NVIC_EnableIRQ
                0x08000df8       0x3c Drivers\STM32F4xx_HAL_Driver\Src\stm32f4xx_hal_cortex.o
 .text.__NVIC_SetPriority
                0x08000e34       0x54 Drivers\STM32F4xx_HAL_Driver\Src\stm32f4xx_hal_cortex.o
 .text.NVIC_EncodePriority
                0x08000e88       0x62 Drivers\STM32F4xx_HAL_Driver\Src\stm32f4xx_hal_cortex.o
 *fill*         0x08000eea        0x2 
 .text.SysTick_Config
                0x08000eec       0x44 Drivers\STM32F4xx_HAL_Driver\Src\stm32f4xx_hal_cortex.o
 .text.HAL_NVIC_SetPriorityGrouping
                0x08000f30       0x16 Drivers\STM32F4xx_HAL_Driver\Src\stm32f4xx_hal_cortex.o
                0x08000f30                HAL_NVIC_SetPriorityGrouping
 .text.HAL_NVIC_SetPriority
                0x08000f46       0x38 Drivers\STM32F4xx_HAL_Driver\Src\stm32f4xx_hal_cortex.o
                0x08000f46                HAL_NVIC_SetPriority
 .text.HAL_NVIC_EnableIRQ
                0x08000f7e       0x1c Drivers\STM32F4xx_HAL_Driver\Src\stm32f4xx_hal_cortex.o
                0x08000f7e                HAL_NVIC_EnableIRQ
 .text.HAL_SYSTICK_Config
                0x08000f9a       0x18 Drivers\STM32F4xx_HAL_Driver\Src\stm32f4xx_hal_cortex.o
                0x08000f9a                HAL_SYSTICK_Config
 *fill*         0x08000fb2        0x2 
 .text.HAL_DMA_Init
                0x08000fb4      0x15c Drivers\STM32F4xx_HAL_Driver\Src\stm32f4xx_hal_dma.o
                0x08000fb4                HAL_DMA_Init
 .text.HAL_DMA_Start_IT
                0x08001110       0xc0 Drivers\STM32F4xx_HAL_Driver\Src\stm32f4xx_hal_dma.o
                0x08001110                HAL_DMA_Start_IT
 .text.HAL_DMA_Abort
                0x080011d0       0xe0 Drivers\STM32F4xx_HAL_Driver\Src\stm32f4xx_hal_dma.o
                0x080011d0                HAL_DMA_Abort
 .text.HAL_DMA_Abort_IT
                0x080012b0       0x44 Drivers\STM32F4xx_HAL_Driver\Src\stm32f4xx_hal_dma.o
                0x080012b0                HAL_DMA_Abort_IT
 .text.HAL_DMA_IRQHandler
                0x080012f4      0x314 Drivers\STM32F4xx_HAL_Driver\Src\stm32f4xx_hal_dma.o
                0x080012f4                HAL_DMA_IRQHandler
 .text.DMA_SetConfig
                0x08001608       0x5c Drivers\STM32F4xx_HAL_Driver\Src\stm32f4xx_hal_dma.o
 .text.DMA_CalcBaseAndBitshift
                0x08001664       0x6c Drivers\STM32F4xx_HAL_Driver\Src\stm32f4xx_hal_dma.o
 .text.DMA_CheckFifoParam
                0x080016d0       0xf4 Drivers\STM32F4xx_HAL_Driver\Src\stm32f4xx_hal_dma.o
 .text.HAL_GPIO_Init
                0x080017c4      0x334 Drivers\STM32F4xx_HAL_Driver\Src\stm32f4xx_hal_gpio.o
                0x080017c4                HAL_GPIO_Init
 .text.HAL_RCC_OscConfig
                0x08001af8      0x484 Drivers\STM32F4xx_HAL_Driver\Src\stm32f4xx_hal_rcc.o
                0x08001af8                HAL_RCC_OscConfig
 .text.HAL_RCC_ClockConfig
                0x08001f7c      0x1c4 Drivers\STM32F4xx_HAL_Driver\Src\stm32f4xx_hal_rcc.o
                0x08001f7c                HAL_RCC_ClockConfig
 .text.HAL_RCC_GetSysClockFreq
                0x08002140      0x16c Drivers\STM32F4xx_HAL_Driver\Src\stm32f4xx_hal_rcc.o
                0x08002140                HAL_RCC_GetSysClockFreq
 .text.HAL_RCC_GetHCLKFreq
                0x080022ac       0x18 Drivers\STM32F4xx_HAL_Driver\Src\stm32f4xx_hal_rcc.o
                0x080022ac                HAL_RCC_GetHCLKFreq
 .text.HAL_RCC_GetPCLK1Freq
                0x080022c4       0x28 Drivers\STM32F4xx_HAL_Driver\Src\stm32f4xx_hal_rcc.o
                0x080022c4                HAL_RCC_GetPCLK1Freq
 .text.HAL_RCC_GetPCLK2Freq
                0x080022ec       0x28 Drivers\STM32F4xx_HAL_Driver\Src\stm32f4xx_hal_rcc.o
                0x080022ec                HAL_RCC_GetPCLK2Freq
 .text.HAL_UART_Init
                0x08002314       0x9a Drivers\STM32F4xx_HAL_Driver\Src\stm32f4xx_hal_uart.o
                0x08002314                HAL_UART_Init
 .text.HAL_UART_Transmit
                0x080023ae      0x130 Drivers\STM32F4xx_HAL_Driver\Src\stm32f4xx_hal_uart.o
                0x080023ae                HAL_UART_Transmit
 *fill*         0x080024de        0x2 
 .text.HAL_UART_Receive_DMA
                0x080024e0      0x100 Drivers\STM32F4xx_HAL_Driver\Src\stm32f4xx_hal_uart.o
                0x080024e0                HAL_UART_Receive_DMA
 .text.HAL_UART_DMAStop
                0x080025e0       0xb6 Drivers\STM32F4xx_HAL_Driver\Src\stm32f4xx_hal_uart.o
                0x080025e0                HAL_UART_DMAStop
 *fill*         0x08002696        0x2 
 .text.HAL_UART_IRQHandler
                0x08002698      0x1f8 Drivers\STM32F4xx_HAL_Driver\Src\stm32f4xx_hal_uart.o
                0x08002698                HAL_UART_IRQHandler
 .text.HAL_UART_TxCpltCallback
                0x08002890       0x14 Drivers\STM32F4xx_HAL_Driver\Src\stm32f4xx_hal_uart.o
                0x08002890                HAL_UART_TxCpltCallback
 .text.HAL_UART_RxHalfCpltCallback
                0x080028a4       0x14 Drivers\STM32F4xx_HAL_Driver\Src\stm32f4xx_hal_uart.o
                0x080028a4                HAL_UART_RxHalfCpltCallback
 .text.HAL_UART_ErrorCallback
                0x080028b8       0x14 Drivers\STM32F4xx_HAL_Driver\Src\stm32f4xx_hal_uart.o
                0x080028b8                HAL_UART_ErrorCallback
 .text.UART_DMAReceiveCplt
                0x080028cc       0x68 Drivers\STM32F4xx_HAL_Driver\Src\stm32f4xx_hal_uart.o
 .text.UART_DMARxHalfCplt
                0x08002934       0x1c Drivers\STM32F4xx_HAL_Driver\Src\stm32f4xx_hal_uart.o
 .text.UART_DMAError
                0x08002950       0x94 Drivers\STM32F4xx_HAL_Driver\Src\stm32f4xx_hal_uart.o
 .text.UART_WaitOnFlagUntilTimeout
                0x080029e4       0x94 Drivers\STM32F4xx_HAL_Driver\Src\stm32f4xx_hal_uart.o
 .text.UART_EndTxTransfer
                0x08002a78       0x2c Drivers\STM32F4xx_HAL_Driver\Src\stm32f4xx_hal_uart.o
 .text.UART_EndRxTransfer
                0x08002aa4       0x3c Drivers\STM32F4xx_HAL_Driver\Src\stm32f4xx_hal_uart.o
 .text.UART_DMAAbortOnError
                0x08002ae0       0x28 Drivers\STM32F4xx_HAL_Driver\Src\stm32f4xx_hal_uart.o
 .text.UART_Transmit_IT
                0x08002b08       0xaa Drivers\STM32F4xx_HAL_Driver\Src\stm32f4xx_hal_uart.o
 .text.UART_EndTransmit_IT
                0x08002bb2       0x30 Drivers\STM32F4xx_HAL_Driver\Src\stm32f4xx_hal_uart.o
 .text.UART_Receive_IT
                0x08002be2      0x102 Drivers\STM32F4xx_HAL_Driver\Src\stm32f4xx_hal_uart.o
 .text.UART_SetConfig
                0x08002ce4      0x414 Drivers\STM32F4xx_HAL_Driver\Src\stm32f4xx_hal_uart.o
 .text.makeFreeRtosPriority
                0x080030f8       0x30 Middlewares\Third_Party\FreeRTOS\Source\CMSIS_RTOS\cmsis_os.o
 .text.osKernelStart
                0x08003128        0xe Middlewares\Third_Party\FreeRTOS\Source\CMSIS_RTOS\cmsis_os.o
                0x08003128                osKernelStart
 .text.osThreadCreate
                0x08003136       0x4e Middlewares\Third_Party\FreeRTOS\Source\CMSIS_RTOS\cmsis_os.o
                0x08003136                osThreadCreate
 .text.osDelay  0x08003184       0x28 Middlewares\Third_Party\FreeRTOS\Source\CMSIS_RTOS\cmsis_os.o
                0x08003184                osDelay
 .text.osSystickHandler
                0x080031ac       0x16 Middlewares\Third_Party\FreeRTOS\Source\CMSIS_RTOS\cmsis_os.o
                0x080031ac                osSystickHandler
 .text.vListInitialise
                0x080031c2       0x40 Middlewares\Third_Party\FreeRTOS\Source\list.o
                0x080031c2                vListInitialise
 .text.vListInitialiseItem
                0x08003202       0x1a Middlewares\Third_Party\FreeRTOS\Source\list.o
                0x08003202                vListInitialiseItem
 .text.vListInsertEnd
                0x0800321c       0x48 Middlewares\Third_Party\FreeRTOS\Source\list.o
                0x0800321c                vListInsertEnd
 .text.vListInsert
                0x08003264       0x72 Middlewares\Third_Party\FreeRTOS\Source\list.o
                0x08003264                vListInsert
 .text.uxListRemove
                0x080032d6       0x54 Middlewares\Third_Party\FreeRTOS\Source\list.o
                0x080032d6                uxListRemove
 *fill*         0x0800332a        0x2 
 .text.pxPortInitialiseStack
                0x0800332c       0x68 Middlewares\Third_Party\FreeRTOS\Source\portable\GCC\ARM_CM4F\port.o
                0x0800332c                pxPortInitialiseStack
 .text.prvTaskExitError
                0x08003394       0x54 Middlewares\Third_Party\FreeRTOS\Source\portable\GCC\ARM_CM4F\port.o
 *fill*         0x080033e8        0x8 
 .text.SVC_Handler
                0x080033f0       0x28 Middlewares\Third_Party\FreeRTOS\Source\portable\GCC\ARM_CM4F\port.o
                0x080033f0                SVC_Handler
 .text.prvPortStartFirstTask
                0x08003418       0x28 Middlewares\Third_Party\FreeRTOS\Source\portable\GCC\ARM_CM4F\port.o
 .text.xPortStartScheduler
                0x08003440      0x13c Middlewares\Third_Party\FreeRTOS\Source\portable\GCC\ARM_CM4F\port.o
                0x08003440                xPortStartScheduler
 .text.vPortEnterCritical
                0x0800357c       0x5c Middlewares\Third_Party\FreeRTOS\Source\portable\GCC\ARM_CM4F\port.o
                0x0800357c                vPortEnterCritical
 .text.vPortExitCritical
                0x080035d8       0x50 Middlewares\Third_Party\FreeRTOS\Source\portable\GCC\ARM_CM4F\port.o
                0x080035d8                vPortExitCritical
 *fill*         0x08003628        0x8 
 .text.PendSV_Handler
                0x08003630       0x68 Middlewares\Third_Party\FreeRTOS\Source\portable\GCC\ARM_CM4F\port.o
                0x08003630                PendSV_Handler
 .text.xPortSysTickHandler
                0x08003698       0x40 Middlewares\Third_Party\FreeRTOS\Source\portable\GCC\ARM_CM4F\port.o
                0x08003698                xPortSysTickHandler
 .text.vPortSetupTimerInterrupt
                0x080036d8       0x48 Middlewares\Third_Party\FreeRTOS\Source\portable\GCC\ARM_CM4F\port.o
                0x080036d8                vPortSetupTimerInterrupt
 .text.vPortEnableVFP
                0x08003720       0x14 Middlewares\Third_Party\FreeRTOS\Source\portable\GCC\ARM_CM4F\port.o
 .text.pvPortMalloc
                0x08003734      0x184 Middlewares\Third_Party\FreeRTOS\Source\portable\MemMang\heap_4.o
                0x08003734                pvPortMalloc
 .text.vPortFree
                0x080038b8       0xb0 Middlewares\Third_Party\FreeRTOS\Source\portable\MemMang\heap_4.o
                0x080038b8                vPortFree
 .text.prvHeapInit
                0x08003968       0xc4 Middlewares\Third_Party\FreeRTOS\Source\portable\MemMang\heap_4.o
 .text.prvInsertBlockIntoFreeList
                0x08003a2c       0xb4 Middlewares\Third_Party\FreeRTOS\Source\portable\MemMang\heap_4.o
 .text.xTaskCreate
                0x08003ae0       0x82 Middlewares\Third_Party\FreeRTOS\Source\tasks.o
                0x08003ae0                xTaskCreate
 .text.prvInitialiseNewTask
                0x08003b62       0xfc Middlewares\Third_Party\FreeRTOS\Source\tasks.o
 *fill*         0x08003c5e        0x2 
 .text.prvAddNewTaskToReadyList
                0x08003c60       0xd4 Middlewares\Third_Party\FreeRTOS\Source\tasks.o
 .text.vTaskDelay
                0x08003d34       0x68 Middlewares\Third_Party\FreeRTOS\Source\tasks.o
                0x08003d34                vTaskDelay
 .text.vTaskStartScheduler
                0x08003d9c       0x8c Middlewares\Third_Party\FreeRTOS\Source\tasks.o
                0x08003d9c                vTaskStartScheduler
 .text.vTaskSuspendAll
                0x08003e28       0x1c Middlewares\Third_Party\FreeRTOS\Source\tasks.o
                0x08003e28                vTaskSuspendAll
 .text.xTaskResumeAll
                0x08003e44      0x138 Middlewares\Third_Party\FreeRTOS\Source\tasks.o
                0x08003e44                xTaskResumeAll
 .text.xTaskIncrementTick
                0x08003f7c      0x178 Middlewares\Third_Party\FreeRTOS\Source\tasks.o
                0x08003f7c                xTaskIncrementTick
 .text.vTaskSwitchContext
                0x080040f4       0xb4 Middlewares\Third_Party\FreeRTOS\Source\tasks.o
                0x080040f4                vTaskSwitchContext
 .text.prvIdleTask
                0x080041a8       0x30 Middlewares\Third_Party\FreeRTOS\Source\tasks.o
 .text.prvInitialiseTaskLists
                0x080041d8       0x80 Middlewares\Third_Party\FreeRTOS\Source\tasks.o
 .text.prvCheckTasksWaitingTermination
                0x08004258       0x58 Middlewares\Third_Party\FreeRTOS\Source\tasks.o
 .text.prvDeleteTCB
                0x080042b0       0x20 Middlewares\Third_Party\FreeRTOS\Source\tasks.o
 .text.prvResetNextTaskUnblockTime
                0x080042d0       0x4c Middlewares\Third_Party\FreeRTOS\Source\tasks.o
 .text.xTaskGetSchedulerState
                0x0800431c       0x3c Middlewares\Third_Party\FreeRTOS\Source\tasks.o
                0x0800431c                xTaskGetSchedulerState
 .text.prvAddCurrentTaskToDelayedList
                0x08004358       0xcc Middlewares\Third_Party\FreeRTOS\Source\tasks.o
 .text.MX_DMA_Init
                0x08004424       0x40 Src\dma.o
                0x08004424                MX_DMA_Init
 .text.MX_FREERTOS_Init
                0x08004464       0x34 Src\freertos.o
                0x08004464                MX_FREERTOS_Init
 .text.StartDefaultTask
                0x08004498       0x1c Src\freertos.o
                0x08004498                StartDefaultTask
 .text.MX_GPIO_Init
                0x080044b4       0x50 Src\gpio.o
                0x080044b4                MX_GPIO_Init
 .text.main     0x08004504       0x22 Src\main.o
                0x08004504                main
 *fill*         0x08004526        0x2 
 .text.SystemClock_Config
                0x08004528       0xbc Src\main.o
                0x08004528                SystemClock_Config
 .text.Error_Handler
                0x080045e4        0xe Src\main.o
                0x080045e4                Error_Handler
 *fill*         0x080045f2        0x2 
 .text.HAL_MspInit
                0x080045f4       0x58 Src\stm32f4xx_hal_msp.o
                0x080045f4                HAL_MspInit
 .text.NMI_Handler
                0x0800464c        0xe Src\stm32f4xx_it.o
                0x0800464c                NMI_Handler
 .text.HardFault_Handler
                0x0800465a        0x6 Src\stm32f4xx_it.o
                0x0800465a                HardFault_Handler
 .text.MemManage_Handler
                0x08004660        0x6 Src\stm32f4xx_it.o
                0x08004660                MemManage_Handler
 .text.BusFault_Handler
                0x08004666        0x6 Src\stm32f4xx_it.o
                0x08004666                BusFault_Handler
 .text.UsageFault_Handler
                0x0800466c        0x6 Src\stm32f4xx_it.o
                0x0800466c                UsageFault_Handler
 .text.DebugMon_Handler
                0x08004672        0xe Src\stm32f4xx_it.o
                0x08004672                DebugMon_Handler
 .text.SysTick_Handler
                0x08004680       0x10 Src\stm32f4xx_it.o
                0x08004680                SysTick_Handler
 .text.DMA2_Stream1_IRQHandler
                0x08004690       0x14 Src\stm32f4xx_it.o
                0x08004690                DMA2_Stream1_IRQHandler
 .text.USART6_IRQHandler
                0x080046a4       0x18 Src\stm32f4xx_it.o
                0x080046a4                USART6_IRQHandler
 .text.SystemInit
                0x080046bc       0x6c Src\system_stm32f4xx.o
                0x080046bc                SystemInit
 .text.MX_USART6_UART_Init
                0x08004728       0x54 Src\usart.o
                0x08004728                MX_USART6_UART_Init
 .text.HAL_UART_MspInit
                0x0800477c      0x104 Src\usart.o
                0x0800477c                HAL_UART_MspInit
 .text.Reset_Handler
                0x08004880       0x50 startup\startup_stm32f407xx.o
                0x08004880                Reset_Handler
 .text.Default_Handler
                0x080048d0        0x2 startup\startup_stm32f407xx.o
                0x080048d0                RTC_Alarm_IRQHandler
                0x080048d0                HASH_RNG_IRQHandler
                0x080048d0                EXTI2_IRQHandler
                0x080048d0                TIM8_CC_IRQHandler
                0x080048d0                TIM1_CC_IRQHandler
                0x080048d0                DMA2_Stream5_IRQHandler
                0x080048d0                DMA1_Stream5_IRQHandler
                0x080048d0                PVD_IRQHandler
                0x080048d0                SDIO_IRQHandler
                0x080048d0                TAMP_STAMP_IRQHandler
                0x080048d0                CAN2_RX1_IRQHandler
                0x080048d0                EXTI3_IRQHandler
                0x080048d0                TIM8_TRG_COM_TIM14_IRQHandler
                0x080048d0                TIM1_UP_TIM10_IRQHandler
                0x080048d0                TIM8_UP_TIM13_IRQHandler
                0x080048d0                I2C3_ER_IRQHandler
                0x080048d0                EXTI0_IRQHandler
                0x080048d0                I2C2_EV_IRQHandler
                0x080048d0                DMA1_Stream2_IRQHandler
                0x080048d0                CAN1_RX0_IRQHandler
                0x080048d0                FPU_IRQHandler
                0x080048d0                OTG_HS_WKUP_IRQHandler
                0x080048d0                CAN2_SCE_IRQHandler
                0x080048d0                DMA2_Stream2_IRQHandler
                0x080048d0                SPI1_IRQHandler
                0x080048d0                TIM6_DAC_IRQHandler
                0x080048d0                TIM1_BRK_TIM9_IRQHandler
                0x080048d0                DCMI_IRQHandler
                0x080048d0                CAN2_RX0_IRQHandler
                0x080048d0                DMA2_Stream3_IRQHandler
                0x080048d0                USART3_IRQHandler
                0x080048d0                CAN1_RX1_IRQHandler
                0x080048d0                UART5_IRQHandler
                0x080048d0                DMA2_Stream0_IRQHandler
                0x080048d0                TIM4_IRQHandler
                0x080048d0                I2C1_EV_IRQHandler
                0x080048d0                DMA1_Stream6_IRQHandler
                0x080048d0                DMA1_Stream1_IRQHandler
                0x080048d0                UART4_IRQHandler
                0x080048d0                TIM3_IRQHandler
                0x080048d0                RCC_IRQHandler
                0x080048d0                TIM8_BRK_TIM12_IRQHandler
                0x080048d0                Default_Handler
                0x080048d0                EXTI15_10_IRQHandler
                0x080048d0                ADC_IRQHandler
                0x080048d0                DMA1_Stream7_IRQHandler
                0x080048d0                TIM7_IRQHandler
                0x080048d0                CAN2_TX_IRQHandler
                0x080048d0                TIM5_IRQHandler
                0x080048d0                DMA2_Stream7_IRQHandler
                0x080048d0                I2C3_EV_IRQHandler
                0x080048d0                EXTI9_5_IRQHandler
                0x080048d0                RTC_WKUP_IRQHandler
                0x080048d0                ETH_WKUP_IRQHandler
                0x080048d0                SPI2_IRQHandler
                0x080048d0                OTG_HS_EP1_IN_IRQHandler
                0x080048d0                DMA1_Stream0_IRQHandler
                0x080048d0                CAN1_TX_IRQHandler
                0x080048d0                EXTI4_IRQHandler
                0x080048d0                FSMC_IRQHandler
                0x080048d0                ETH_IRQHandler
                0x080048d0                OTG_HS_EP1_OUT_IRQHandler
                0x080048d0                WWDG_IRQHandler
                0x080048d0                TIM2_IRQHandler
                0x080048d0                OTG_FS_WKUP_IRQHandler
                0x080048d0                TIM1_TRG_COM_TIM11_IRQHandler
                0x080048d0                OTG_HS_IRQHandler
                0x080048d0                EXTI1_IRQHandler
                0x080048d0                USART2_IRQHandler
                0x080048d0                I2C2_ER_IRQHandler
                0x080048d0                CAN1_SCE_IRQHandler
                0x080048d0                FLASH_IRQHandler
                0x080048d0                DMA2_Stream4_IRQHandler
                0x080048d0                USART1_IRQHandler
                0x080048d0                OTG_FS_IRQHandler
                0x080048d0                SPI3_IRQHandler
                0x080048d0                DMA1_Stream4_IRQHandler
                0x080048d0                I2C1_ER_IRQHandler
                0x080048d0                DMA2_Stream6_IRQHandler
                0x080048d0                DMA1_Stream3_IRQHandler
 *fill*         0x080048d2        0x2 
 .text.__libc_init_array
                0x080048d4       0x48 d:/truestudio for stm32 9.1.0/armtools/bin/../lib/gcc/arm-atollic-eabi/6.3.1/../../../../arm-atollic-eabi/lib/armv7e-m/fpu\libc_nano.a(lib_a-init.o)
                0x080048d4                __libc_init_array
 .text.memcpy   0x0800491c       0x16 d:/truestudio for stm32 9.1.0/armtools/bin/../lib/gcc/arm-atollic-eabi/6.3.1/../../../../arm-atollic-eabi/lib/armv7e-m/fpu\libc_nano.a(lib_a-memcpy-stub.o)
                0x0800491c                memcpy
 .text.memset   0x08004932       0x10 d:/truestudio for stm32 9.1.0/armtools/bin/../lib/gcc/arm-atollic-eabi/6.3.1/../../../../arm-atollic-eabi/lib/armv7e-m/fpu\libc_nano.a(lib_a-memset.o)
                0x08004932                memset
 *(.glue_7)
 .glue_7        0x08004942        0x0 linker stubs
 *(.glue_7t)
 .glue_7t       0x08004942        0x0 linker stubs
 *(.eh_frame)
 *fill*         0x08004942        0x2 
 .eh_frame      0x08004944        0x0 d:/truestudio for stm32 9.1.0/armtools/bin/../lib/gcc/arm-atollic-eabi/6.3.1/armv7e-m/fpu/crtbegin.o
 *(.init)
 .init          0x08004944        0x4 d:/truestudio for stm32 9.1.0/armtools/bin/../lib/gcc/arm-atollic-eabi/6.3.1/armv7e-m/fpu/crti.o
                0x08004944                _init
 .init          0x08004948        0x8 d:/truestudio for stm32 9.1.0/armtools/bin/../lib/gcc/arm-atollic-eabi/6.3.1/armv7e-m/fpu/crtn.o
 *(.fini)
 .fini          0x08004950        0x4 d:/truestudio for stm32 9.1.0/armtools/bin/../lib/gcc/arm-atollic-eabi/6.3.1/armv7e-m/fpu/crti.o
                0x08004950                _fini
 .fini          0x08004954        0x8 d:/truestudio for stm32 9.1.0/armtools/bin/../lib/gcc/arm-atollic-eabi/6.3.1/armv7e-m/fpu/crtn.o
                0x0800495c                . = ALIGN (0x4)
                0x0800495c                _etext = .

.vfp11_veneer   0x0800495c        0x0
 .vfp11_veneer  0x0800495c        0x0 linker stubs

.v4_bx          0x0800495c        0x0
 .v4_bx         0x0800495c        0x0 linker stubs

.iplt           0x0800495c        0x0
 .iplt          0x0800495c        0x0 d:/truestudio for stm32 9.1.0/armtools/bin/../lib/gcc/arm-atollic-eabi/6.3.1/armv7e-m/fpu/crtbegin.o

.rodata         0x0800495c      0x334
                0x0800495c                . = ALIGN (0x4)
 *(.rodata)
 .rodata        0x0800495c       0x75 Bsp\cmd.o
 *fill*         0x080049d1        0x3 
 .rodata        0x080049d4      0x242 Bsp\shell.o
 *fill*         0x08004c16        0x2 
 .rodata        0x08004c18        0x2 Bsp\tiny_printf.o
 *fill*         0x08004c1a        0x2 
 .rodata        0x08004c1c       0x2b Bsp\uartBsp.o
 *fill*         0x08004c47        0x1 
 .rodata        0x08004c48        0x5 Middlewares\Third_Party\FreeRTOS\Source\tasks.o
 *fill*         0x08004c4d        0x3 
 .rodata        0x08004c50       0x20 Src\freertos.o
 *(.rodata*)
 .rodata.flagBitshiftOffset.7488
                0x08004c70        0x8 Drivers\STM32F4xx_HAL_Driver\Src\stm32f4xx_hal_dma.o
 .rodata.AHBPrescTable
                0x08004c78       0x10 Src\system_stm32f4xx.o
                0x08004c78                AHBPrescTable
 .rodata.APBPrescTable
                0x08004c88        0x8 Src\system_stm32f4xx.o
                0x08004c88                APBPrescTable
                0x08004c90                . = ALIGN (0x4)

.ARM.extab
 *(.ARM.extab* .gnu.linkonce.armextab.*)

.ARM            0x08004c90        0x8
                0x08004c90                __exidx_start = .
 *(.ARM.exidx*)
 .ARM.exidx     0x08004c90        0x8 d:/truestudio for stm32 9.1.0/armtools/bin/../lib/gcc/arm-atollic-eabi/6.3.1/armv7e-m/fpu\libgcc.a(_udivmoddi4.o)
                0x08004c98                __exidx_end = .

.rel.dyn        0x08004c98        0x0
 .rel.iplt      0x08004c98        0x0 d:/truestudio for stm32 9.1.0/armtools/bin/../lib/gcc/arm-atollic-eabi/6.3.1/armv7e-m/fpu/crtbegin.o

.preinit_array  0x08004c98        0x0
                0x08004c98                PROVIDE (__preinit_array_start, .)
 *(.preinit_array*)
                0x08004c98                PROVIDE (__preinit_array_end, .)

.init_array     0x08004c98        0x4
                0x08004c98                PROVIDE (__init_array_start, .)
 *(SORT(.init_array.*))
 *(.init_array*)
 .init_array    0x08004c98        0x4 d:/truestudio for stm32 9.1.0/armtools/bin/../lib/gcc/arm-atollic-eabi/6.3.1/armv7e-m/fpu/crtbegin.o
                0x08004c9c                PROVIDE (__init_array_end, .)

.fini_array     0x08004c9c        0x4
                [!provide]                PROVIDE (__fini_array_start, .)
 *(SORT(.fini_array.*))
 *(.fini_array*)
 .fini_array    0x08004c9c        0x4 d:/truestudio for stm32 9.1.0/armtools/bin/../lib/gcc/arm-atollic-eabi/6.3.1/armv7e-m/fpu/crtbegin.o
                [!provide]                PROVIDE (__fini_array_end, .)
                0x08004ca0                _sidata = LOADADDR (.data)

.data           0x20000000       0x28 load address 0x08004ca0
                0x20000000                . = ALIGN (0x4)
                0x20000000                _sdata = .
 *(.data)
 *(.data*)
 .data.cmd_list
                0x20000000       0x10 Bsp\cmd.o
                0x20000000                cmd_list
 .data.shellRecvDataHandle
                0x20000010        0x8 Bsp\shell.o
                0x20000010                shellRecvDataHandle
 .data.uwTickPrio
                0x20000018        0x4 Drivers\STM32F4xx_HAL_Driver\Src\stm32f4xx_hal.o
                0x20000018                uwTickPrio
 .data.uwTickFreq
                0x2000001c        0x1 Drivers\STM32F4xx_HAL_Driver\Src\stm32f4xx_hal.o
                0x2000001c                uwTickFreq
 *fill*         0x2000001d        0x3 
 .data.uxCriticalNesting
                0x20000020        0x4 Middlewares\Third_Party\FreeRTOS\Source\portable\GCC\ARM_CM4F\port.o
 .data.SystemCoreClock
                0x20000024        0x4 Src\system_stm32f4xx.o
                0x20000024                SystemCoreClock
                0x20000028                . = ALIGN (0x4)
                0x20000028                _edata = .
                0x08004cc8                _siccmram = LOADADDR (.ccmram)

.igot.plt       0x20000028        0x0 load address 0x08004cc8
 .igot.plt      0x20000028        0x0 d:/truestudio for stm32 9.1.0/armtools/bin/../lib/gcc/arm-atollic-eabi/6.3.1/armv7e-m/fpu/crtbegin.o

.ccmram         0x10000000        0x0 load address 0x08004cc8
                0x10000000                . = ALIGN (0x4)
                0x10000000                _sccmram = .
 *(.ccmram)
 *(.ccmram*)
                0x10000000                . = ALIGN (0x4)
                0x10000000                _eccmram = .
                0x10000000                . = ALIGN (0x4)

.bss            0x20000028     0x3f18
                0x20000028                _sbss = .
                0x20000028                __bss_start__ = _sbss
 *(.bss)
 .bss           0x20000028       0x1c d:/truestudio for stm32 9.1.0/armtools/bin/../lib/gcc/arm-atollic-eabi/6.3.1/armv7e-m/fpu/crtbegin.o
 *(.bss*)
 .bss.uart6RecvBuffG
                0x20000044       0xc8 Bsp\uartBsp.o
 .bss.ucMaxSysCallPriority
                0x2000010c        0x1 Middlewares\Third_Party\FreeRTOS\Source\portable\GCC\ARM_CM4F\port.o
 *fill*         0x2000010d        0x3 
 .bss.ulMaxPRIGROUPValue
                0x20000110        0x4 Middlewares\Third_Party\FreeRTOS\Source\portable\GCC\ARM_CM4F\port.o
 .bss.ucHeap    0x20000114     0x3c00 Middlewares\Third_Party\FreeRTOS\Source\portable\MemMang\heap_4.o
 .bss.xStart    0x20003d14        0x8 Middlewares\Third_Party\FreeRTOS\Source\portable\MemMang\heap_4.o
 .bss.pxEnd     0x20003d1c        0x4 Middlewares\Third_Party\FreeRTOS\Source\portable\MemMang\heap_4.o
 .bss.xFreeBytesRemaining
                0x20003d20        0x4 Middlewares\Third_Party\FreeRTOS\Source\portable\MemMang\heap_4.o
 .bss.xMinimumEverFreeBytesRemaining
                0x20003d24        0x4 Middlewares\Third_Party\FreeRTOS\Source\portable\MemMang\heap_4.o
 .bss.xBlockAllocatedBit
                0x20003d28        0x4 Middlewares\Third_Party\FreeRTOS\Source\portable\MemMang\heap_4.o
 .bss.pxCurrentTCB
                0x20003d2c        0x4 Middlewares\Third_Party\FreeRTOS\Source\tasks.o
                0x20003d2c                pxCurrentTCB
 .bss.pxReadyTasksLists
                0x20003d30       0x8c Middlewares\Third_Party\FreeRTOS\Source\tasks.o
 .bss.xDelayedTaskList1
                0x20003dbc       0x14 Middlewares\Third_Party\FreeRTOS\Source\tasks.o
 .bss.xDelayedTaskList2
                0x20003dd0       0x14 Middlewares\Third_Party\FreeRTOS\Source\tasks.o
 .bss.pxDelayedTaskList
                0x20003de4        0x4 Middlewares\Third_Party\FreeRTOS\Source\tasks.o
 .bss.pxOverflowDelayedTaskList
                0x20003de8        0x4 Middlewares\Third_Party\FreeRTOS\Source\tasks.o
 .bss.xPendingReadyList
                0x20003dec       0x14 Middlewares\Third_Party\FreeRTOS\Source\tasks.o
 .bss.xTasksWaitingTermination
                0x20003e00       0x14 Middlewares\Third_Party\FreeRTOS\Source\tasks.o
 .bss.uxDeletedTasksWaitingCleanUp
                0x20003e14        0x4 Middlewares\Third_Party\FreeRTOS\Source\tasks.o
 .bss.xSuspendedTaskList
                0x20003e18       0x14 Middlewares\Third_Party\FreeRTOS\Source\tasks.o
 .bss.uxCurrentNumberOfTasks
                0x20003e2c        0x4 Middlewares\Third_Party\FreeRTOS\Source\tasks.o
 .bss.xTickCount
                0x20003e30        0x4 Middlewares\Third_Party\FreeRTOS\Source\tasks.o
 .bss.uxTopReadyPriority
                0x20003e34        0x4 Middlewares\Third_Party\FreeRTOS\Source\tasks.o
 .bss.xSchedulerRunning
                0x20003e38        0x4 Middlewares\Third_Party\FreeRTOS\Source\tasks.o
 .bss.uxPendedTicks
                0x20003e3c        0x4 Middlewares\Third_Party\FreeRTOS\Source\tasks.o
 .bss.xYieldPending
                0x20003e40        0x4 Middlewares\Third_Party\FreeRTOS\Source\tasks.o
 .bss.xNumOfOverflows
                0x20003e44        0x4 Middlewares\Third_Party\FreeRTOS\Source\tasks.o
 .bss.uxTaskNumber
                0x20003e48        0x4 Middlewares\Third_Party\FreeRTOS\Source\tasks.o
 .bss.xNextTaskUnblockTime
                0x20003e4c        0x4 Middlewares\Third_Party\FreeRTOS\Source\tasks.o
 .bss.xIdleTaskHandle
                0x20003e50        0x4 Middlewares\Third_Party\FreeRTOS\Source\tasks.o
 .bss.uxSchedulerSuspended
                0x20003e54        0x4 Middlewares\Third_Party\FreeRTOS\Source\tasks.o
 *(COMMON)
 COMMON         0x20003e58       0x40 Bsp\shell.o
                0x20003e58                shellRecvBuf
                0x20003e78                cmd_buf
 COMMON         0x20003e98        0x4 Drivers\STM32F4xx_HAL_Driver\Src\stm32f4xx_hal.o
                0x20003e98                uwTick
 COMMON         0x20003e9c        0x4 Src\freertos.o
                0x20003e9c                defaultTaskHandle
 COMMON         0x20003ea0       0xa0 Src\usart.o
                0x20003ea0                hdma_usart6_rx
                0x20003f00                huart6
                0x20003f40                . = ALIGN (0x4)
                0x20003f40                _ebss = .
                0x20003f40                __bss_end__ = _ebss

._user_heap_stack
                0x20003f40      0x600
                0x20003f40                . = ALIGN (0x4)
                0x20003f40                PROVIDE (end, .)
                [!provide]                PROVIDE (_end, .)
                0x20004140                . = (. + _Min_Heap_Size)
 *fill*         0x20003f40      0x200 
                0x20004540                . = (. + _Min_Stack_Size)
 *fill*         0x20004140      0x400 
                0x20004540                . = ALIGN (0x4)

/DISCARD/
 libc.a(*)
 libm.a(*)
 libgcc.a(*)

.ARM.attributes
                0x00000000       0x30
 *(.ARM.attributes)
 .ARM.attributes
                0x00000000       0x22 d:/truestudio for stm32 9.1.0/armtools/bin/../lib/gcc/arm-atollic-eabi/6.3.1/armv7e-m/fpu/crti.o
 .ARM.attributes
                0x00000022       0x34 d:/truestudio for stm32 9.1.0/armtools/bin/../lib/gcc/arm-atollic-eabi/6.3.1/armv7e-m/fpu/crtbegin.o
 .ARM.attributes
                0x00000056       0x39 Bsp\cmd.o
 .ARM.attributes
                0x0000008f       0x39 Bsp\shell.o
 .ARM.attributes
                0x000000c8       0x39 Bsp\tiny_printf.o
 .ARM.attributes
                0x00000101       0x39 Bsp\uartBsp.o
 .ARM.attributes
                0x0000013a       0x39 Drivers\STM32F4xx_HAL_Driver\Src\stm32f4xx_hal.o
 .ARM.attributes
                0x00000173       0x39 Drivers\STM32F4xx_HAL_Driver\Src\stm32f4xx_hal_cortex.o
 .ARM.attributes
                0x000001ac       0x39 Drivers\STM32F4xx_HAL_Driver\Src\stm32f4xx_hal_dma.o
 .ARM.attributes
                0x000001e5       0x39 Drivers\STM32F4xx_HAL_Driver\Src\stm32f4xx_hal_gpio.o
 .ARM.attributes
                0x0000021e       0x39 Drivers\STM32F4xx_HAL_Driver\Src\stm32f4xx_hal_rcc.o
 .ARM.attributes
                0x00000257       0x39 Drivers\STM32F4xx_HAL_Driver\Src\stm32f4xx_hal_uart.o
 .ARM.attributes
                0x00000290       0x39 Middlewares\Third_Party\FreeRTOS\Source\CMSIS_RTOS\cmsis_os.o
 .ARM.attributes
                0x000002c9       0x39 Middlewares\Third_Party\FreeRTOS\Source\list.o
 .ARM.attributes
                0x00000302       0x39 Middlewares\Third_Party\FreeRTOS\Source\portable\GCC\ARM_CM4F\port.o
 .ARM.attributes
                0x0000033b       0x39 Middlewares\Third_Party\FreeRTOS\Source\portable\MemMang\heap_4.o
 .ARM.attributes
                0x00000374       0x39 Middlewares\Third_Party\FreeRTOS\Source\tasks.o
 .ARM.attributes
                0x000003ad       0x39 Src\dma.o
 .ARM.attributes
                0x000003e6       0x39 Src\freertos.o
 .ARM.attributes
                0x0000041f       0x39 Src\gpio.o
 .ARM.attributes
                0x00000458       0x39 Src\main.o
 .ARM.attributes
                0x00000491       0x39 Src\stm32f4xx_hal_msp.o
 .ARM.attributes
                0x000004ca       0x39 Src\stm32f4xx_it.o
 .ARM.attributes
                0x00000503       0x39 Src\system_stm32f4xx.o
 .ARM.attributes
                0x0000053c       0x39 Src\usart.o
 .ARM.attributes
                0x00000575       0x21 startup\startup_stm32f407xx.o
 .ARM.attributes
                0x00000596       0x34 d:/truestudio for stm32 9.1.0/armtools/bin/../lib/gcc/arm-atollic-eabi/6.3.1/../../../../arm-atollic-eabi/lib/armv7e-m/fpu\libc_nano.a(lib_a-init.o)
 .ARM.attributes
                0x000005ca       0x34 d:/truestudio for stm32 9.1.0/armtools/bin/../lib/gcc/arm-atollic-eabi/6.3.1/../../../../arm-atollic-eabi/lib/armv7e-m/fpu\libc_nano.a(lib_a-memcpy-stub.o)
 .ARM.attributes
                0x000005fe       0x34 d:/truestudio for stm32 9.1.0/armtools/bin/../lib/gcc/arm-atollic-eabi/6.3.1/../../../../arm-atollic-eabi/lib/armv7e-m/fpu\libc_nano.a(lib_a-memset.o)
 .ARM.attributes
                0x00000632       0x20 d:/truestudio for stm32 9.1.0/armtools/bin/../lib/gcc/arm-atollic-eabi/6.3.1/../../../../arm-atollic-eabi/lib/armv7e-m/fpu\libc_nano.a(lib_a-strcmp.o)
 .ARM.attributes
                0x00000652       0x1b d:/truestudio for stm32 9.1.0/armtools/bin/../lib/gcc/arm-atollic-eabi/6.3.1/../../../../arm-atollic-eabi/lib/armv7e-m/fpu\libc_nano.a(lib_a-strlen.o)
 .ARM.attributes
                0x0000066d       0x22 d:/truestudio for stm32 9.1.0/armtools/bin/../lib/gcc/arm-atollic-eabi/6.3.1/armv7e-m/fpu\libgcc.a(_aeabi_uldivmod.o)
 .ARM.attributes
                0x0000068f       0x34 d:/truestudio for stm32 9.1.0/armtools/bin/../lib/gcc/arm-atollic-eabi/6.3.1/armv7e-m/fpu\libgcc.a(_udivmoddi4.o)
 .ARM.attributes
                0x000006c3       0x22 d:/truestudio for stm32 9.1.0/armtools/bin/../lib/gcc/arm-atollic-eabi/6.3.1/armv7e-m/fpu\libgcc.a(_dvmd_tls.o)
 .ARM.attributes
                0x000006e5       0x22 d:/truestudio for stm32 9.1.0/armtools/bin/../lib/gcc/arm-atollic-eabi/6.3.1/armv7e-m/fpu/crtn.o
OUTPUT(shell_test.elf elf32-littlearm)

.debug_info     0x00000000    0x10fbc
 .debug_info    0x00000000      0x9e2 Bsp\cmd.o
 .debug_info    0x000009e2      0xad7 Bsp\shell.o
 .debug_info    0x000014b9      0xc78 Bsp\tiny_printf.o
 .debug_info    0x00002131      0xf7c Bsp\uartBsp.o
 .debug_info    0x000030ad      0x920 Drivers\STM32F4xx_HAL_Driver\Src\stm32f4xx_hal.o
 .debug_info    0x000039cd      0xdd7 Drivers\STM32F4xx_HAL_Driver\Src\stm32f4xx_hal_cortex.o
 .debug_info    0x000047a4      0x913 Drivers\STM32F4xx_HAL_Driver\Src\stm32f4xx_hal_dma.o
 .debug_info    0x000050b7      0x763 Drivers\STM32F4xx_HAL_Driver\Src\stm32f4xx_hal_gpio.o
 .debug_info    0x0000581a      0x8a4 Drivers\STM32F4xx_HAL_Driver\Src\stm32f4xx_hal_rcc.o
 .debug_info    0x000060be     0x11d3 Drivers\STM32F4xx_HAL_Driver\Src\stm32f4xx_hal_uart.o
 .debug_info    0x00007291     0x1aef Middlewares\Third_Party\FreeRTOS\Source\CMSIS_RTOS\cmsis_os.o
 .debug_info    0x00008d80      0xac8 Middlewares\Third_Party\FreeRTOS\Source\list.o
 .debug_info    0x00009848      0x536 Middlewares\Third_Party\FreeRTOS\Source\portable\GCC\ARM_CM4F\port.o
 .debug_info    0x00009d7e      0xbed Middlewares\Third_Party\FreeRTOS\Source\portable\MemMang\heap_4.o
 .debug_info    0x0000a96b     0x218f Middlewares\Third_Party\FreeRTOS\Source\tasks.o
 .debug_info    0x0000cafa      0x51a Src\dma.o
 .debug_info    0x0000d014      0xf53 Src\freertos.o
 .debug_info    0x0000df67      0x313 Src\gpio.o
 .debug_info    0x0000e27a      0x932 Src\main.o
 .debug_info    0x0000ebac      0x536 Src\stm32f4xx_hal_msp.o
 .debug_info    0x0000f0e2      0xe3d Src\stm32f4xx_it.o
 .debug_info    0x0000ff1f      0x505 Src\system_stm32f4xx.o
 .debug_info    0x00010424      0xb2b Src\usart.o
 .debug_info    0x00010f4f       0x6d startup\startup_stm32f407xx.o

.debug_abbrev   0x00000000     0x2e0f
 .debug_abbrev  0x00000000      0x1d0 Bsp\cmd.o
 .debug_abbrev  0x000001d0      0x23a Bsp\shell.o
 .debug_abbrev  0x0000040a      0x262 Bsp\tiny_printf.o
 .debug_abbrev  0x0000066c      0x248 Bsp\uartBsp.o
 .debug_abbrev  0x000008b4      0x1c6 Drivers\STM32F4xx_HAL_Driver\Src\stm32f4xx_hal.o
 .debug_abbrev  0x00000a7a      0x2f5 Drivers\STM32F4xx_HAL_Driver\Src\stm32f4xx_hal_cortex.o
 .debug_abbrev  0x00000d6f      0x224 Drivers\STM32F4xx_HAL_Driver\Src\stm32f4xx_hal_dma.o
 .debug_abbrev  0x00000f93      0x1c4 Drivers\STM32F4xx_HAL_Driver\Src\stm32f4xx_hal_gpio.o
 .debug_abbrev  0x00001157      0x240 Drivers\STM32F4xx_HAL_Driver\Src\stm32f4xx_hal_rcc.o
 .debug_abbrev  0x00001397      0x23d Drivers\STM32F4xx_HAL_Driver\Src\stm32f4xx_hal_uart.o
 .debug_abbrev  0x000015d4      0x383 Middlewares\Third_Party\FreeRTOS\Source\CMSIS_RTOS\cmsis_os.o
 .debug_abbrev  0x00001957      0x1cc Middlewares\Third_Party\FreeRTOS\Source\list.o
 .debug_abbrev  0x00001b23      0x20d Middlewares\Third_Party\FreeRTOS\Source\portable\GCC\ARM_CM4F\port.o
 .debug_abbrev  0x00001d30      0x29b Middlewares\Third_Party\FreeRTOS\Source\portable\MemMang\heap_4.o
 .debug_abbrev  0x00001fcb      0x333 Middlewares\Third_Party\FreeRTOS\Source\tasks.o
 .debug_abbrev  0x000022fe      0x102 Src\dma.o
 .debug_abbrev  0x00002400      0x201 Src\freertos.o
 .debug_abbrev  0x00002601       0xec Src\gpio.o
 .debug_abbrev  0x000026ed      0x192 Src\main.o
 .debug_abbrev  0x0000287f      0x10d Src\stm32f4xx_hal_msp.o
 .debug_abbrev  0x0000298c      0x1b5 Src\stm32f4xx_it.o
 .debug_abbrev  0x00002b41      0x10e Src\system_stm32f4xx.o
 .debug_abbrev  0x00002c4f      0x1ae Src\usart.o
 .debug_abbrev  0x00002dfd       0x12 startup\startup_stm32f407xx.o

.debug_aranges  0x00000000      0xc68
 .debug_aranges
                0x00000000       0x30 Bsp\cmd.o
 .debug_aranges
                0x00000030       0x30 Bsp\shell.o
 .debug_aranges
                0x00000060       0x60 Bsp\tiny_printf.o
 .debug_aranges
                0x000000c0       0x40 Bsp\uartBsp.o
 .debug_aranges
                0x00000100       0xf0 Drivers\STM32F4xx_HAL_Driver\Src\stm32f4xx_hal.o
 .debug_aranges
                0x000001f0      0x118 Drivers\STM32F4xx_HAL_Driver\Src\stm32f4xx_hal_cortex.o
 .debug_aranges
                0x00000308       0x90 Drivers\STM32F4xx_HAL_Driver\Src\stm32f4xx_hal_dma.o
 .debug_aranges
                0x00000398       0x58 Drivers\STM32F4xx_HAL_Driver\Src\stm32f4xx_hal_gpio.o
 .debug_aranges
                0x000003f0       0x88 Drivers\STM32F4xx_HAL_Driver\Src\stm32f4xx_hal_rcc.o
 .debug_aranges
                0x00000478      0x1d0 Drivers\STM32F4xx_HAL_Driver\Src\stm32f4xx_hal_uart.o
 .debug_aranges
                0x00000648      0x1d8 Middlewares\Third_Party\FreeRTOS\Source\CMSIS_RTOS\cmsis_os.o
 .debug_aranges
                0x00000820       0x40 Middlewares\Third_Party\FreeRTOS\Source\list.o
 .debug_aranges
                0x00000860       0x80 Middlewares\Third_Party\FreeRTOS\Source\portable\GCC\ARM_CM4F\port.o
 .debug_aranges
                0x000008e0       0x50 Middlewares\Third_Party\FreeRTOS\Source\portable\MemMang\heap_4.o
 .debug_aranges
                0x00000930      0x1a0 Middlewares\Third_Party\FreeRTOS\Source\tasks.o
 .debug_aranges
                0x00000ad0       0x20 Src\dma.o
 .debug_aranges
                0x00000af0       0x28 Src\freertos.o
 .debug_aranges
                0x00000b18       0x20 Src\gpio.o
 .debug_aranges
                0x00000b38       0x30 Src\main.o
 .debug_aranges
                0x00000b68       0x20 Src\stm32f4xx_hal_msp.o
 .debug_aranges
                0x00000b88       0x60 Src\stm32f4xx_it.o
 .debug_aranges
                0x00000be8       0x28 Src\system_stm32f4xx.o
 .debug_aranges
                0x00000c10       0x30 Src\usart.o
 .debug_aranges
                0x00000c40       0x28 startup\startup_stm32f407xx.o

.debug_ranges   0x00000000      0xaf0
 .debug_ranges  0x00000000       0x20 Bsp\cmd.o
 .debug_ranges  0x00000020       0x20 Bsp\shell.o
 .debug_ranges  0x00000040       0x50 Bsp\tiny_printf.o
 .debug_ranges  0x00000090       0x30 Bsp\uartBsp.o
 .debug_ranges  0x000000c0       0xe0 Drivers\STM32F4xx_HAL_Driver\Src\stm32f4xx_hal.o
 .debug_ranges  0x000001a0      0x108 Drivers\STM32F4xx_HAL_Driver\Src\stm32f4xx_hal_cortex.o
 .debug_ranges  0x000002a8       0x80 Drivers\STM32F4xx_HAL_Driver\Src\stm32f4xx_hal_dma.o
 .debug_ranges  0x00000328       0x48 Drivers\STM32F4xx_HAL_Driver\Src\stm32f4xx_hal_gpio.o
 .debug_ranges  0x00000370       0x78 Drivers\STM32F4xx_HAL_Driver\Src\stm32f4xx_hal_rcc.o
 .debug_ranges  0x000003e8      0x1c0 Drivers\STM32F4xx_HAL_Driver\Src\stm32f4xx_hal_uart.o
 .debug_ranges  0x000005a8      0x1c8 Middlewares\Third_Party\FreeRTOS\Source\CMSIS_RTOS\cmsis_os.o
 .debug_ranges  0x00000770       0x30 Middlewares\Third_Party\FreeRTOS\Source\list.o
 .debug_ranges  0x000007a0       0x70 Middlewares\Third_Party\FreeRTOS\Source\portable\GCC\ARM_CM4F\port.o
 .debug_ranges  0x00000810       0x40 Middlewares\Third_Party\FreeRTOS\Source\portable\MemMang\heap_4.o
 .debug_ranges  0x00000850      0x190 Middlewares\Third_Party\FreeRTOS\Source\tasks.o
 .debug_ranges  0x000009e0       0x10 Src\dma.o
 .debug_ranges  0x000009f0       0x18 Src\freertos.o
 .debug_ranges  0x00000a08       0x10 Src\gpio.o
 .debug_ranges  0x00000a18       0x20 Src\main.o
 .debug_ranges  0x00000a38       0x10 Src\stm32f4xx_hal_msp.o
 .debug_ranges  0x00000a48       0x50 Src\stm32f4xx_it.o
 .debug_ranges  0x00000a98       0x18 Src\system_stm32f4xx.o
 .debug_ranges  0x00000ab0       0x20 Src\usart.o
 .debug_ranges  0x00000ad0       0x20 startup\startup_stm32f407xx.o

.debug_line     0x00000000     0x5c01
 .debug_line    0x00000000      0x213 Bsp\cmd.o
 .debug_line    0x00000213      0x26c Bsp\shell.o
 .debug_line    0x0000047f      0x26b Bsp\tiny_printf.o
 .debug_line    0x000006ea      0x2f3 Bsp\uartBsp.o
 .debug_line    0x000009dd      0x3e4 Drivers\STM32F4xx_HAL_Driver\Src\stm32f4xx_hal.o
 .debug_line    0x00000dc1      0x508 Drivers\STM32F4xx_HAL_Driver\Src\stm32f4xx_hal_cortex.o
 .debug_line    0x000012c9      0x4ba Drivers\STM32F4xx_HAL_Driver\Src\stm32f4xx_hal_dma.o
 .debug_line    0x00001783      0x3cb Drivers\STM32F4xx_HAL_Driver\Src\stm32f4xx_hal_gpio.o
 .debug_line    0x00001b4e      0x461 Drivers\STM32F4xx_HAL_Driver\Src\stm32f4xx_hal_rcc.o
 .debug_line    0x00001faf      0xafa Drivers\STM32F4xx_HAL_Driver\Src\stm32f4xx_hal_uart.o
 .debug_line    0x00002aa9      0x8c6 Middlewares\Third_Party\FreeRTOS\Source\CMSIS_RTOS\cmsis_os.o
 .debug_line    0x0000336f      0x2f2 Middlewares\Third_Party\FreeRTOS\Source\list.o
 .debug_line    0x00003661      0x3a2 Middlewares\Third_Party\FreeRTOS\Source\portable\GCC\ARM_CM4F\port.o
 .debug_line    0x00003a03      0x391 Middlewares\Third_Party\FreeRTOS\Source\portable\MemMang\heap_4.o
 .debug_line    0x00003d94      0xd35 Middlewares\Third_Party\FreeRTOS\Source\tasks.o
 .debug_line    0x00004ac9      0x168 Src\dma.o
 .debug_line    0x00004c31      0x336 Src\freertos.o
 .debug_line    0x00004f67      0x168 Src\gpio.o
 .debug_line    0x000050cf      0x252 Src\main.o
 .debug_line    0x00005321      0x177 Src\stm32f4xx_hal_msp.o
 .debug_line    0x00005498      0x305 Src\stm32f4xx_it.o
 .debug_line    0x0000579d      0x1a1 Src\system_stm32f4xx.o
 .debug_line    0x0000593e      0x244 Src\usart.o
 .debug_line    0x00005b82       0x7f startup\startup_stm32f407xx.o

.debug_str      0x00000000     0x4114
 .debug_str     0x00000000      0x5d5 Bsp\cmd.o
                                0x664 (size before relaxing)
 .debug_str     0x000005d5       0xa6 Bsp\shell.o
                                0x6e4 (size before relaxing)
 .debug_str     0x0000067b       0xa0 Bsp\tiny_printf.o
                                0x67a (size before relaxing)
 .debug_str     0x0000071b      0x470 Bsp\uartBsp.o
                                0xb2f (size before relaxing)
 .debug_str     0x00000b8b      0x950 Drivers\STM32F4xx_HAL_Driver\Src\stm32f4xx_hal.o
                                0xb65 (size before relaxing)
 .debug_str     0x000014db      0x4dd Drivers\STM32F4xx_HAL_Driver\Src\stm32f4xx_hal_cortex.o
                                0xc75 (size before relaxing)
 .debug_str     0x000019b8      0x313 Drivers\STM32F4xx_HAL_Driver\Src\stm32f4xx_hal_dma.o
                                0x7b5 (size before relaxing)
 .debug_str     0x00001ccb      0x1c7 Drivers\STM32F4xx_HAL_Driver\Src\stm32f4xx_hal_gpio.o
                                0x53b (size before relaxing)
 .debug_str     0x00001e92      0x2e9 Drivers\STM32F4xx_HAL_Driver\Src\stm32f4xx_hal_rcc.o
                                0x6e7 (size before relaxing)
 .debug_str     0x0000217b      0x523 Drivers\STM32F4xx_HAL_Driver\Src\stm32f4xx_hal_uart.o
                                0xbec (size before relaxing)
 .debug_str     0x0000269e      0x8ae Middlewares\Third_Party\FreeRTOS\Source\CMSIS_RTOS\cmsis_os.o
                                0xf6e (size before relaxing)
 .debug_str     0x00002f4c      0x159 Middlewares\Third_Party\FreeRTOS\Source\list.o
                                0x748 (size before relaxing)
 .debug_str     0x000030a5      0x24c Middlewares\Third_Party\FreeRTOS\Source\portable\GCC\ARM_CM4F\port.o
                                0x46c (size before relaxing)
 .debug_str     0x000032f1      0x1f8 Middlewares\Third_Party\FreeRTOS\Source\portable\MemMang\heap_4.o
                                0x812 (size before relaxing)
 .debug_str     0x000034e9      0xa20 Middlewares\Third_Party\FreeRTOS\Source\tasks.o
                               0x11f2 (size before relaxing)
 .debug_str     0x00003f09       0x19 Src\dma.o
                                0x803 (size before relaxing)
 .debug_str     0x00003f22       0x60 Src\freertos.o
                                0xbfd (size before relaxing)
 .debug_str     0x00003f82       0x1b Src\gpio.o
                                0x317 (size before relaxing)
 .debug_str     0x00003f9d       0x34 Src\main.o
                                0x88c (size before relaxing)
 .debug_str     0x00003fd1       0x1b Src\stm32f4xx_hal_msp.o
                                0x811 (size before relaxing)
 .debug_str     0x00003fec       0xb5 Src\stm32f4xx_it.o
                                0xaf5 (size before relaxing)
 .debug_str     0x000040a1       0x45 Src\system_stm32f4xx.o
                                0x39f (size before relaxing)
 .debug_str     0x000040e6       0x2e Src\usart.o
                                0xcf0 (size before relaxing)

.comment        0x00000000       0x7c
 .comment       0x00000000       0x7c Bsp\cmd.o
                                 0x7d (size before relaxing)
 .comment       0x0000007c       0x7d Bsp\shell.o
 .comment       0x0000007c       0x7d Bsp\tiny_printf.o
 .comment       0x0000007c       0x7d Bsp\uartBsp.o
 .comment       0x0000007c       0x7d Drivers\STM32F4xx_HAL_Driver\Src\stm32f4xx_hal.o
 .comment       0x0000007c       0x7d Drivers\STM32F4xx_HAL_Driver\Src\stm32f4xx_hal_cortex.o
 .comment       0x0000007c       0x7d Drivers\STM32F4xx_HAL_Driver\Src\stm32f4xx_hal_dma.o
 .comment       0x0000007c       0x7d Drivers\STM32F4xx_HAL_Driver\Src\stm32f4xx_hal_gpio.o
 .comment       0x0000007c       0x7d Drivers\STM32F4xx_HAL_Driver\Src\stm32f4xx_hal_rcc.o
 .comment       0x0000007c       0x7d Drivers\STM32F4xx_HAL_Driver\Src\stm32f4xx_hal_uart.o
 .comment       0x0000007c       0x7d Middlewares\Third_Party\FreeRTOS\Source\CMSIS_RTOS\cmsis_os.o
 .comment       0x0000007c       0x7d Middlewares\Third_Party\FreeRTOS\Source\list.o
 .comment       0x0000007c       0x7d Middlewares\Third_Party\FreeRTOS\Source\portable\GCC\ARM_CM4F\port.o
 .comment       0x0000007c       0x7d Middlewares\Third_Party\FreeRTOS\Source\portable\MemMang\heap_4.o
 .comment       0x0000007c       0x7d Middlewares\Third_Party\FreeRTOS\Source\tasks.o
 .comment       0x0000007c       0x7d Src\dma.o
 .comment       0x0000007c       0x7d Src\freertos.o
 .comment       0x0000007c       0x7d Src\gpio.o
 .comment       0x0000007c       0x7d Src\main.o
 .comment       0x0000007c       0x7d Src\stm32f4xx_hal_msp.o
 .comment       0x0000007c       0x7d Src\stm32f4xx_it.o
 .comment       0x0000007c       0x7d Src\system_stm32f4xx.o
 .comment       0x0000007c       0x7d Src\usart.o

.debug_frame    0x00000000     0x2ff4
 .debug_frame   0x00000000       0x6c Bsp\cmd.o
 .debug_frame   0x0000006c       0x74 Bsp\shell.o
 .debug_frame   0x000000e0      0x1bc Bsp\tiny_printf.o
 .debug_frame   0x0000029c       0xbc Bsp\uartBsp.o
 .debug_frame   0x00000358      0x374 Drivers\STM32F4xx_HAL_Driver\Src\stm32f4xx_hal.o
 .debug_frame   0x000006cc      0x498 Drivers\STM32F4xx_HAL_Driver\Src\stm32f4xx_hal_cortex.o
 .debug_frame   0x00000b64      0x250 Drivers\STM32F4xx_HAL_Driver\Src\stm32f4xx_hal_dma.o
 .debug_frame   0x00000db4      0x14c Drivers\STM32F4xx_HAL_Driver\Src\stm32f4xx_hal_gpio.o
 .debug_frame   0x00000f00      0x1f8 Drivers\STM32F4xx_HAL_Driver\Src\stm32f4xx_hal_rcc.o
 .debug_frame   0x000010f8      0x83c Drivers\STM32F4xx_HAL_Driver\Src\stm32f4xx_hal_uart.o
 .debug_frame   0x00001934      0x808 Middlewares\Third_Party\FreeRTOS\Source\CMSIS_RTOS\cmsis_os.o
 .debug_frame   0x0000213c       0xd8 Middlewares\Third_Party\FreeRTOS\Source\list.o
 .debug_frame   0x00002214      0x1a8 Middlewares\Third_Party\FreeRTOS\Source\portable\GCC\ARM_CM4F\port.o
 .debug_frame   0x000023bc      0x108 Middlewares\Third_Party\FreeRTOS\Source\portable\MemMang\heap_4.o
 .debug_frame   0x000024c4      0x704 Middlewares\Third_Party\FreeRTOS\Source\tasks.o
 .debug_frame   0x00002bc8       0x34 Src\dma.o
 .debug_frame   0x00002bfc       0x58 Src\freertos.o
 .debug_frame   0x00002c54       0x38 Src\gpio.o
 .debug_frame   0x00002c8c       0x70 Src\main.o
 .debug_frame   0x00002cfc       0x34 Src\stm32f4xx_hal_msp.o
 .debug_frame   0x00002d30      0x104 Src\stm32f4xx_it.o
 .debug_frame   0x00002e34       0x58 Src\system_stm32f4xx.o
 .debug_frame   0x00002e8c       0x74 Src\usart.o
 .debug_frame   0x00002f00       0x2c d:/truestudio for stm32 9.1.0/armtools/bin/../lib/gcc/arm-atollic-eabi/6.3.1/../../../../arm-atollic-eabi/lib/armv7e-m/fpu\libc_nano.a(lib_a-init.o)
 .debug_frame   0x00002f2c       0x28 d:/truestudio for stm32 9.1.0/armtools/bin/../lib/gcc/arm-atollic-eabi/6.3.1/../../../../arm-atollic-eabi/lib/armv7e-m/fpu\libc_nano.a(lib_a-memcpy-stub.o)
 .debug_frame   0x00002f54       0x20 d:/truestudio for stm32 9.1.0/armtools/bin/../lib/gcc/arm-atollic-eabi/6.3.1/../../../../arm-atollic-eabi/lib/armv7e-m/fpu\libc_nano.a(lib_a-memset.o)
 .debug_frame   0x00002f74       0x20 d:/truestudio for stm32 9.1.0/armtools/bin/../lib/gcc/arm-atollic-eabi/6.3.1/../../../../arm-atollic-eabi/lib/armv7e-m/fpu\libc_nano.a(lib_a-strcmp.o)
 .debug_frame   0x00002f94       0x2c d:/truestudio for stm32 9.1.0/armtools/bin/../lib/gcc/arm-atollic-eabi/6.3.1/armv7e-m/fpu\libgcc.a(_aeabi_uldivmod.o)
 .debug_frame   0x00002fc0       0x34 d:/truestudio for stm32 9.1.0/armtools/bin/../lib/gcc/arm-atollic-eabi/6.3.1/armv7e-m/fpu\libgcc.a(_udivmoddi4.o)
